// Jest Snapshot v1, https://goo.gl/fbAQLP

exports[`Calculator renders correctly based on snapshot 1`] = `ShallowWrapper {}`;
