// Jest Snapshot v1, https://goo.gl/fbAQLP

exports[`App renders correctly with Snapshot 1`] = `ShallowWrapper {}`;
